[2026-06-17T14:57:40.844+0000] {local_task_job_runner.py:123} INFO - ::group::Pre task execution logs
[2026-06-17T14:57:40.861+0000] {taskinstance.py:2613} INFO - Dependencies all met for dep_context=non-requeueable deps ti=<TaskInstance: create_analytics_mart.execute_analytics_migration manual__2026-06-17T14:57:38.303002+00:00 [queued]>
[2026-06-17T14:57:40.871+0000] {taskinstance.py:2613} INFO - Dependencies all met for dep_context=requeueable deps ti=<TaskInstance: create_analytics_mart.execute_analytics_migration manual__2026-06-17T14:57:38.303002+00:00 [queued]>
[2026-06-17T14:57:40.872+0000] {taskinstance.py:2866} INFO - Starting attempt 1 of 2
[2026-06-17T14:57:40.891+0000] {taskinstance.py:2889} INFO - Executing <Task(PythonOperator): execute_analytics_migration> on 2026-06-17 14:57:38.303002+00:00
[2026-06-17T14:57:40.900+0000] {standard_task_runner.py:104} INFO - Running: ['airflow', 'tasks', 'run', 'create_analytics_mart', 'execute_analytics_migration', 'manual__2026-06-17T14:57:38.303002+00:00', '--job-id', '15', '--raw', '--subdir', 'DAGS_FOLDER/create_mart_dag.py', '--cfg-path', '/tmp/tmpz98icr00']
[2026-06-17T14:57:40.902+0000] {standard_task_runner.py:105} INFO - Job 15: Subtask execute_analytics_migration
[2026-06-17T14:57:40.903+0000] {logging_mixin.py:190} WARNING - /home/airflow/.local/lib/python3.12/site-packages/airflow/task/task_runner/standard_task_runner.py:70 DeprecationWarning: This process (pid=1160) is multi-threaded, use of fork() may lead to deadlocks in the child.
[2026-06-17T14:57:40.904+0000] {standard_task_runner.py:72} INFO - Started process 1161 to run task
[2026-06-17T14:57:40.948+0000] {task_command.py:467} INFO - Running <TaskInstance: create_analytics_mart.execute_analytics_migration manual__2026-06-17T14:57:38.303002+00:00 [running]> on host c6d5a8ba3ed0
[2026-06-17T14:57:41.032+0000] {taskinstance.py:3132} INFO - Exporting env vars: AIRFLOW_CTX_DAG_OWNER='Kashin' AIRFLOW_CTX_DAG_ID='create_analytics_mart' AIRFLOW_CTX_TASK_ID='execute_analytics_migration' AIRFLOW_CTX_EXECUTION_DATE='2026-06-17T14:57:38.303002+00:00' AIRFLOW_CTX_TRY_NUMBER='1' AIRFLOW_CTX_DAG_RUN_ID='manual__2026-06-17T14:57:38.303002+00:00'
[2026-06-17T14:57:41.033+0000] {taskinstance.py:731} INFO - ::endgroup::
[2026-06-17T14:57:41.048+0000] {logging_mixin.py:190} INFO - Подключение к postgres:5432 ...
[2026-06-17T14:57:41.054+0000] {logging_mixin.py:190} INFO - Ошибка: relation "public.user_logs" does not exist
LINE 10:             FROM public.user_logs
                          ^
[2026-06-17T14:57:41.056+0000] {taskinstance.py:3311} ERROR - Task failed with exception
Traceback (most recent call last):
  File "/home/airflow/.local/lib/python3.12/site-packages/airflow/models/taskinstance.py", line 767, in _execute_task
    result = _execute_callable(context=context, **execute_callable_kwargs)
             ^^^^^^^^^^^^^^^^^^^^^^^^^^^^^^^^^^^^^^^^^^^^^^^^^^^^^^^^^^^^^
  File "/home/airflow/.local/lib/python3.12/site-packages/airflow/models/taskinstance.py", line 733, in _execute_callable
    return ExecutionCallableRunner(
           ^^^^^^^^^^^^^^^^^^^^^^^^
  File "/home/airflow/.local/lib/python3.12/site-packages/airflow/utils/operator_helpers.py", line 252, in run
    return self.func(*args, **kwargs)
           ^^^^^^^^^^^^^^^^^^^^^^^^^^
  File "/home/airflow/.local/lib/python3.12/site-packages/airflow/models/baseoperator.py", line 422, in wrapper
    return func(self, *args, **kwargs)
           ^^^^^^^^^^^^^^^^^^^^^^^^^^^
  File "/home/airflow/.local/lib/python3.12/site-packages/airflow/operators/python.py", line 238, in execute
    return_value = self.execute_callable()
                   ^^^^^^^^^^^^^^^^^^^^^^^
  File "/home/airflow/.local/lib/python3.12/site-packages/airflow/operators/python.py", line 256, in execute_callable
    return runner.run(*self.op_args, **self.op_kwargs)
           ^^^^^^^^^^^^^^^^^^^^^^^^^^^^^^^^^^^^^^^^^^^
  File "/home/airflow/.local/lib/python3.12/site-packages/airflow/utils/operator_helpers.py", line 252, in run
    return self.func(*args, **kwargs)
           ^^^^^^^^^^^^^^^^^^^^^^^^^^
  File "/opt/airflow/dags/scripts/build_mart.py", line 88, in create_mart
    cur.execute(select_query)
psycopg2.errors.UndefinedTable: relation "public.user_logs" does not exist
LINE 10:             FROM public.user_logs
                          ^

[2026-06-17T14:57:41.071+0000] {taskinstance.py:1225} INFO - Marking task as UP_FOR_RETRY. dag_id=create_analytics_mart, task_id=execute_analytics_migration, run_id=manual__2026-06-17T14:57:38.303002+00:00, execution_date=20260617T145738, start_date=20260617T145740, end_date=20260617T145741
[2026-06-17T14:57:41.090+0000] {taskinstance.py:340} INFO - ::group::Post task execution logs
[2026-06-17T14:57:41.091+0000] {standard_task_runner.py:124} ERROR - Failed to execute job 15 for task execute_analytics_migration (relation "public.user_logs" does not exist
LINE 10:             FROM public.user_logs
                          ^
; 1161)
Traceback (most recent call last):
  File "/home/airflow/.local/lib/python3.12/site-packages/airflow/task/task_runner/standard_task_runner.py", line 117, in _start_by_fork
    ret = args.func(args, dag=self.dag)
          ^^^^^^^^^^^^^^^^^^^^^^^^^^^^^
  File "/home/airflow/.local/lib/python3.12/site-packages/airflow/cli/cli_config.py", line 49, in command
    return func(*args, **kwargs)
           ^^^^^^^^^^^^^^^^^^^^^
  File "/home/airflow/.local/lib/python3.12/site-packages/airflow/utils/cli.py", line 116, in wrapper
    return f(*args, **kwargs)
           ^^^^^^^^^^^^^^^^^^
  File "/home/airflow/.local/lib/python3.12/site-packages/airflow/cli/commands/task_command.py", line 483, in task_run
    task_return_code = _run_task_by_selected_method(args, _dag, ti)
                       ^^^^^^^^^^^^^^^^^^^^^^^^^^^^^^^^^^^^^^^^^^^^
  File "/home/airflow/.local/lib/python3.12/site-packages/airflow/cli/commands/task_command.py", line 256, in _run_task_by_selected_method
    return _run_raw_task(args, ti)
           ^^^^^^^^^^^^^^^^^^^^^^^
  File "/home/airflow/.local/lib/python3.12/site-packages/airflow/cli/commands/task_command.py", line 341, in _run_raw_task
    return ti._run_raw_task(
           ^^^^^^^^^^^^^^^^^
  File "/home/airflow/.local/lib/python3.12/site-packages/airflow/utils/session.py", line 97, in wrapper
    return func(*args, session=session, **kwargs)
           ^^^^^^^^^^^^^^^^^^^^^^^^^^^^^^^^^^^^^^
  File "/home/airflow/.local/lib/python3.12/site-packages/airflow/models/taskinstance.py", line 3005, in _run_raw_task
    return _run_raw_task(
           ^^^^^^^^^^^^^^
  File "/home/airflow/.local/lib/python3.12/site-packages/airflow/models/taskinstance.py", line 273, in _run_raw_task
    TaskInstance._execute_task_with_callbacks(
  File "/home/airflow/.local/lib/python3.12/site-packages/airflow/models/taskinstance.py", line 3159, in _execute_task_with_callbacks
    result = self._execute_task(context, task_orig)
             ^^^^^^^^^^^^^^^^^^^^^^^^^^^^^^^^^^^^^^
  File "/home/airflow/.local/lib/python3.12/site-packages/airflow/models/taskinstance.py", line 3183, in _execute_task
    return _execute_task(self, context, task_orig)
           ^^^^^^^^^^^^^^^^^^^^^^^^^^^^^^^^^^^^^^^
  File "/home/airflow/.local/lib/python3.12/site-packages/airflow/models/taskinstance.py", line 767, in _execute_task
    result = _execute_callable(context=context, **execute_callable_kwargs)
             ^^^^^^^^^^^^^^^^^^^^^^^^^^^^^^^^^^^^^^^^^^^^^^^^^^^^^^^^^^^^^
  File "/home/airflow/.local/lib/python3.12/site-packages/airflow/models/taskinstance.py", line 733, in _execute_callable
    return ExecutionCallableRunner(
           ^^^^^^^^^^^^^^^^^^^^^^^^
  File "/home/airflow/.local/lib/python3.12/site-packages/airflow/utils/operator_helpers.py", line 252, in run
    return self.func(*args, **kwargs)
           ^^^^^^^^^^^^^^^^^^^^^^^^^^
  File "/home/airflow/.local/lib/python3.12/site-packages/airflow/models/baseoperator.py", line 422, in wrapper
    return func(self, *args, **kwargs)
           ^^^^^^^^^^^^^^^^^^^^^^^^^^^
  File "/home/airflow/.local/lib/python3.12/site-packages/airflow/operators/python.py", line 238, in execute
    return_value = self.execute_callable()
                   ^^^^^^^^^^^^^^^^^^^^^^^
  File "/home/airflow/.local/lib/python3.12/site-packages/airflow/operators/python.py", line 256, in execute_callable
    return runner.run(*self.op_args, **self.op_kwargs)
           ^^^^^^^^^^^^^^^^^^^^^^^^^^^^^^^^^^^^^^^^^^^
  File "/home/airflow/.local/lib/python3.12/site-packages/airflow/utils/operator_helpers.py", line 252, in run
    return self.func(*args, **kwargs)
           ^^^^^^^^^^^^^^^^^^^^^^^^^^
  File "/opt/airflow/dags/scripts/build_mart.py", line 88, in create_mart
    cur.execute(select_query)
psycopg2.errors.UndefinedTable: relation "public.user_logs" does not exist
LINE 10:             FROM public.user_logs
                          ^

[2026-06-17T14:57:41.120+0000] {local_task_job_runner.py:266} INFO - Task exited with return code 1
[2026-06-17T14:57:41.140+0000] {taskinstance.py:3895} INFO - 0 downstream tasks scheduled from follow-on schedule check
[2026-06-17T14:57:41.151+0000] {local_task_job_runner.py:245} INFO - ::endgroup::
